{"streams":[{"stream":{"level":"error","server_name":"loki_test"},"values":[["<unixepochinnanoseconds>","An error occured"]]}]}