{"streams":[{"stream":{"server_ip":"127.0.0.1","level":"error"},"values":[["<unixepochinnanoseconds>","An error occured"]]}]}