{"streams":[{"stream":{"level":"info"},"values":[["<unixepochinnanoseconds>","This is an information without params"],["<unixepochinnanoseconds>","This is also an information without params"]]}]}