{"streams":[{"stream":{"level":"info"},"values":[["<unixepochinnanoseconds>","This is an information without params"]]},{"stream":{"level":"error"},"values":[["<unixepochinnanoseconds>","This is an error without params"]]}]}