{"streams":[{"stream":{"level":"error"},"values":[["<unixepochinnanoseconds>","[ERR] An error occured"]]}]}