{"streams":[{"stream":{"level":"info"},"values":[["<unixepochinnanoseconds>","What is the meaning of life?"]]},{"stream":{"level":"info","MeaningOfLife":"42"},"values":[["<unixepochinnanoseconds>","The meaning of life is 42"]]}]}