{"streams":[{"stream":{"level":"error"},"values":[["<unixepochinnanoseconds>","An error occured"]]}]}